\BOOKMARK [1][-]{section.1}{\376\377\151\202\217\360\116\016\150\070\137\303\164\006\137\365}{}% 1
\BOOKMARK [2][-]{subsection.1.1}{\376\377\147\266\147\204\166\356\150\007}{section.1}% 2
\BOOKMARK [2][-]{subsection.1.2}{\376\377\150\070\137\303\142\200\147\057\150\010\377\032\000N\000i\000x\000\040\000F\000l\000a\000k\000e\000s}{section.1}% 3
\BOOKMARK [2][-]{subsection.1.3}{\376\377\000f\000l\000a\000k\000e\000.\000n\000i\000x\000\040\166\204\116\055\137\303\123\117\214\003\117\134\165\050\116\016\000\040\000M\000a\000k\000e\000f\000i\000l\000e}{section.1}% 4
\BOOKMARK [1][-]{section.2}{\376\377\147\266\147\204\213\276\213\241\116\016\221\115\177\156\176\323\147\204}{}% 5
\BOOKMARK [2][-]{subsection.2.1}{\376\377\152\041\127\127\123\026\116\016\142\275\214\141\000\040\000\050\000l\000i\000b\000,\000\040\000m\000o\000d\000u\000l\000e\000s\000\051}{section.2}% 6
\BOOKMARK [2][-]{subsection.2.2}{\376\377\121\163\154\350\160\271\122\006\171\273\000\040\000\050\166\356\137\125\176\323\147\204\000\051}{section.2}% 7
\BOOKMARK [2][-]{subsection.2.3}{\376\377\146\076\137\017\117\235\215\126\116\016\123\357\131\015\163\260\140\047}{section.2}% 8
\BOOKMARK [1][-]{section.3}{\376\377\174\373\176\337\221\115\177\156\173\241\164\006\116\016\220\350\177\162}{}% 9
\BOOKMARK [2][-]{subsection.3.1}{\376\377\215\350\136\163\123\360\145\057\143\001}{section.3}% 10
\BOOKMARK [2][-]{subsection.3.2}{\376\377\116\073\147\072\162\171\123\026\000\040\000\050\000m\000a\000c\000h\000i\000n\000e\000s\000/\000\051}{section.3}% 11
\BOOKMARK [2][-]{subsection.3.3}{\376\377\231\226\153\041\163\257\130\203\220\350\177\162\133\236\215\365}{section.3}% 12
\BOOKMARK [3][-]{subsubsection.3.3.1}{\376\377\220\350\177\162\122\060\000\040\000N\000i\000x\000O\000S\000\040\206\132\142\337\147\072\000\040\000\050\116\345\000\040\000V\000M\000w\000a\000r\000e\000\040\000F\000u\000s\000i\000o\000n\000\040\116\072\117\213\000\051}{subsection.3.3}% 13
\BOOKMARK [3][-]{subsubsection.3.3.2}{\376\377\220\350\177\162\122\060\000\040\000m\000a\000c\000O\000S\000\040\000\050\117\177\165\050\000\040\000n\000i\000x\000-\000d\000a\000r\000w\000i\000n\000\051}{subsection.3.3}% 14
\BOOKMARK [3][-]{subsubsection.3.3.3}{\376\377\147\204\136\372\136\166\220\350\177\162\122\060\000\040\000W\000S\000L}{subsection.3.3}% 15
\BOOKMARK [1][-]{section.4}{\376\377\165\050\142\067\163\257\130\203\173\241\164\006\000\040\000\050\000H\000o\000m\000e\000\040\000M\000a\000n\000a\000g\000e\000r\000\051}{}% 16
\BOOKMARK [2][-]{subsection.4.1}{\376\377\165\050\142\067\221\115\177\156\176\323\147\204\000\040\000\050\000u\000s\000e\000r\000s\000/\000\051}{section.4}% 17
\BOOKMARK [2][-]{subsection.4.2}{\376\377\136\070\211\301\116\373\122\241\377\032\173\241\164\006\217\157\116\366\123\005}{section.4}% 18
\BOOKMARK [2][-]{subsection.4.3}{\376\377\136\070\211\301\116\373\122\241\377\032\117\356\145\071\165\050\142\067\163\257\130\203}{section.4}% 19
\BOOKMARK [1][-]{section.5}{\376\377\232\330\176\247\122\237\200\375\116\016\133\232\122\066}{}% 20
\BOOKMARK [2][-]{subsection.5.1}{\376\377\136\070\211\301\116\373\122\241\377\032\117\177\165\050\000\040\000O\000v\000e\000r\000l\000a\000y\000s\000\040\117\356\145\071\142\026\155\373\122\240\123\005}{section.5}% 21
\BOOKMARK [2][-]{subsection.5.2}{\376\377\136\070\211\301\116\373\122\241\377\032\155\373\122\240\145\260\166\204\174\373\176\337\221\115\177\156}{section.5}% 22
\BOOKMARK [1][-]{section.6}{\376\377\145\345\136\070\176\364\142\244\116\016\135\345\117\134\155\101}{}% 23
\BOOKMARK [2][-]{subsection.6.1}{\376\377\136\224\165\050\221\115\177\156\146\364\145\071}{section.6}% 24
\BOOKMARK [2][-]{subsection.6.2}{\376\377\155\113\213\325\221\115\177\156\146\364\145\071}{section.6}% 25
\BOOKMARK [2][-]{subsection.6.3}{\376\377\146\364\145\260\000\040\000F\000l\000a\000k\000e\000\040\117\235\215\126}{section.6}% 26
\BOOKMARK [2][-]{subsection.6.4}{\376\377\177\026\213\321\147\054\145\207\150\143}{section.6}% 27
\BOOKMARK [1][-]{section.7}{\376\377\176\323\213\272}{}% 28
