This is XeTeX, Version 3.141592653-2.6-0.999995 (TeX Live 2023/nixos.org) (preloaded format=xelatex 1980.1.1)  13 APR 2025 23:16
entering extended mode
 restricted \write18 enabled.
 %&-line parsing enabled.
**configuration_guide.tex
(./configuration_guide.tex
LaTeX2e <2023-11-01> patch level 1
L3 programming layer <2024-02-20>

(/nix/store/4v48iafvd65x29n7w13rbpihwsgp3x68-texlive-combined-full-2023-final-t
exmfdist/tex/latex/base/article.cls
Document Class: article 2023/05/17 v1.4n Standard LaTeX document class

(/nix/store/4v48iafvd65x29n7w13rbpihwsgp3x68-texlive-combined-full-2023-final-t
exmfdist/tex/latex/base/size11.clo
File: size11.clo 2023/05/17 v1.4n Standard LaTeX file (size option)
)
\c@part=\count184
\c@section=\count185
\c@subsection=\count186
\c@subsubsection=\count187
\c@paragraph=\count188
\c@subparagraph=\count189
\c@figure=\count190
\c@table=\count191
\abovecaptionskip=\skip48
\belowcaptionskip=\skip49
\bibindent=\dimen140
)
(/nix/store/4v48iafvd65x29n7w13rbpihwsgp3x68-texlive-combined-full-2023-final-t
exmfdist/tex/latex/ctex/ctex.sty
(/nix/store/4v48iafvd65x29n7w13rbpihwsgp3x68-texlive-combined-full-2023-final-t
exmfdist/tex/latex/l3kernel/expl3.sty
Package: expl3 2024-02-20 L3 programming layer (loader) 

(/nix/store/4v48iafvd65x29n7w13rbpihwsgp3x68-texlive-combined-full-2023-final-t
exmfdist/tex/latex/l3backend/l3backend-xetex.def
File: l3backend-xetex.def 2024-02-20 L3 backend support: XeTeX
\g__graphics_track_int=\count192
\l__pdf_internal_box=\box51
\g__pdf_backend_object_int=\count193
\g__pdf_backend_annotation_int=\count194
\g__pdf_backend_link_int=\count195
))
Package: ctex 2022/07/14 v2.5.10 Chinese adapter in LaTeX (CTEX)

(/nix/store/4v48iafvd65x29n7w13rbpihwsgp3x68-texlive-combined-full-2023-final-t
exmfdist/tex/latex/ctex/ctexhook.sty
Package: ctexhook 2022/07/14 v2.5.10 Document and package hooks (CTEX)
)
(/nix/store/4v48iafvd65x29n7w13rbpihwsgp3x68-texlive-combined-full-2023-final-t
exmfdist/tex/latex/ctex/ctexpatch.sty
Package: ctexpatch 2022/07/14 v2.5.10 Patching commands (CTEX)
)
(/nix/store/4v48iafvd65x29n7w13rbpihwsgp3x68-texlive-combined-full-2023-final-t
exmfdist/tex/latex/base/fix-cm.sty
Package: fix-cm 2020/11/24 v1.1t fixes to LaTeX

(/nix/store/4v48iafvd65x29n7w13rbpihwsgp3x68-texlive-combined-full-2023-final-t
exmfdist/tex/latex/base/ts1enc.def
File: ts1enc.def 2001/06/05 v3.0e (jk/car/fm) Standard LaTeX file
LaTeX Font Info:    Redeclaring font encoding TS1 on input line 47.
))
\l__ctex_tmp_int=\count196
\l__ctex_tmp_box=\box52
\l__ctex_tmp_dim=\dimen141
\g__ctex_section_depth_int=\count197
\g__ctex_font_size_int=\count198

(/nix/store/4v48iafvd65x29n7w13rbpihwsgp3x68-texlive-combined-full-2023-final-t
exmfdist/tex/latex/ctex/config/ctexopts.cfg
File: ctexopts.cfg 2022/07/14 v2.5.10 Option configuration file (CTEX)
)
(/nix/store/4v48iafvd65x29n7w13rbpihwsgp3x68-texlive-combined-full-2023-final-t
exmfdist/tex/latex/ctex/engine/ctex-engine-xetex.def
File: ctex-engine-xetex.def 2022/07/14 v2.5.10 XeLaTeX adapter (CTEX)

(/nix/store/4v48iafvd65x29n7w13rbpihwsgp3x68-texlive-combined-full-2023-final-t
exmfdist/tex/xelatex/xecjk/xeCJK.sty
Package: xeCJK 2022/08/05 v3.9.1 Typesetting CJK scripts with XeLaTeX

(/nix/store/4v48iafvd65x29n7w13rbpihwsgp3x68-texlive-combined-full-2023-final-t
exmfdist/tex/latex/l3packages/xtemplate/xtemplate.sty
(/nix/store/4v48iafvd65x29n7w13rbpihwsgp3x68-texlive-combined-full-2023-final-t
exmfdist/tex/latex/l3packages/xtemplate/xtemplate-2023-10-10.sty
Package: xtemplate 2023-10-10 L3 Experimental prototype document functions
\l__xtemplate_tmp_dim=\dimen142
\l__xtemplate_tmp_int=\count199
\l__xtemplate_tmp_muskip=\muskip16
\l__xtemplate_tmp_skip=\skip50
))
\l__xeCJK_tmp_int=\count266
\l__xeCJK_tmp_box=\box53
\l__xeCJK_tmp_dim=\dimen143
\l__xeCJK_tmp_skip=\skip51
\g__xeCJK_space_factor_int=\count267
\l__xeCJK_begin_int=\count268
\l__xeCJK_end_int=\count269
\c__xeCJK_CJK_class_int=\XeTeXcharclass1
\c__xeCJK_FullLeft_class_int=\XeTeXcharclass2
\c__xeCJK_FullRight_class_int=\XeTeXcharclass3
\c__xeCJK_HalfLeft_class_int=\XeTeXcharclass4
\c__xeCJK_HalfRight_class_int=\XeTeXcharclass5
\c__xeCJK_NormalSpace_class_int=\XeTeXcharclass6
\c__xeCJK_CM_class_int=\XeTeXcharclass7
\c__xeCJK_HangulJamo_class_int=\XeTeXcharclass8
\l__xeCJK_last_skip=\skip52
\c__xeCJK_none_node=\count270
\g__xeCJK_node_int=\count271
\c__xeCJK_CJK_node_dim=\dimen144
\c__xeCJK_CJK-space_node_dim=\dimen145
\c__xeCJK_default_node_dim=\dimen146
\c__xeCJK_CJK-widow_node_dim=\dimen147
\c__xeCJK_normalspace_node_dim=\dimen148
\c__xeCJK_default-space_node_skip=\skip53
\l__xeCJK_ccglue_skip=\skip54
\l__xeCJK_ecglue_skip=\skip55
\l__xeCJK_punct_kern_skip=\skip56
\l__xeCJK_indent_box=\box54
\l__xeCJK_last_penalty_int=\count272
\l__xeCJK_last_bound_dim=\dimen149
\l__xeCJK_last_kern_dim=\dimen150
\l__xeCJK_widow_penalty_int=\count273

Package xtemplate Info: Declaring object type 'xeCJK/punctuation' taking 0
(xtemplate)             argument(s) on line 2396.

\l__xeCJK_fixed_punct_width_dim=\dimen151
\l__xeCJK_mixed_punct_width_dim=\dimen152
\l__xeCJK_middle_punct_width_dim=\dimen153
\l__xeCJK_fixed_margin_width_dim=\dimen154
\l__xeCJK_mixed_margin_width_dim=\dimen155
\l__xeCJK_middle_margin_width_dim=\dimen156
\l__xeCJK_bound_punct_width_dim=\dimen157
\l__xeCJK_bound_margin_width_dim=\dimen158
\l__xeCJK_margin_minimum_dim=\dimen159
\l__xeCJK_kerning_total_width_dim=\dimen160
\l__xeCJK_same_align_margin_dim=\dimen161
\l__xeCJK_different_align_margin_dim=\dimen162
\l__xeCJK_kerning_margin_width_dim=\dimen163
\l__xeCJK_kerning_margin_minimum_dim=\dimen164
\l__xeCJK_bound_dim=\dimen165
\l__xeCJK_reverse_bound_dim=\dimen166
\l__xeCJK_margin_dim=\dimen167
\l__xeCJK_minimum_bound_dim=\dimen168
\l__xeCJK_kerning_margin_dim=\dimen169
\g__xeCJK_family_int=\count274
\l__xeCJK_fam_int=\count275
\g__xeCJK_fam_allocation_int=\count276
\l__xeCJK_verb_case_int=\count277
\l__xeCJK_verb_exspace_skip=\skip57

(/nix/store/4v48iafvd65x29n7w13rbpihwsgp3x68-texlive-combined-full-2023-final-t
exmfdist/tex/latex/fontspec/fontspec.sty
(/nix/store/4v48iafvd65x29n7w13rbpihwsgp3x68-texlive-combined-full-2023-final-t
exmfdist/tex/latex/l3packages/xparse/xparse.sty
Package: xparse 2024-02-18 L3 Experimental document command parser
)
Package: fontspec 2024/02/13 v2.9a Font selection for XeLaTeX and LuaLaTeX

(/nix/store/4v48iafvd65x29n7w13rbpihwsgp3x68-texlive-combined-full-2023-final-t
exmfdist/tex/latex/fontspec/fontspec-xetex.sty
Package: fontspec-xetex 2024/02/13 v2.9a Font selection for XeLaTeX and LuaLaTe
X
\l__fontspec_script_int=\count278
\l__fontspec_language_int=\count279
\l__fontspec_strnum_int=\count280
\l__fontspec_tmp_int=\count281
\l__fontspec_tmpa_int=\count282
\l__fontspec_tmpb_int=\count283
\l__fontspec_tmpc_int=\count284
\l__fontspec_em_int=\count285
\l__fontspec_emdef_int=\count286
\l__fontspec_strong_int=\count287
\l__fontspec_strongdef_int=\count288
\l__fontspec_tmpa_dim=\dimen170
\l__fontspec_tmpb_dim=\dimen171
\l__fontspec_tmpc_dim=\dimen172

(/nix/store/4v48iafvd65x29n7w13rbpihwsgp3x68-texlive-combined-full-2023-final-t
exmfdist/tex/latex/base/fontenc.sty
Package: fontenc 2021/04/29 v2.0v Standard LaTeX package
)
(/nix/store/4v48iafvd65x29n7w13rbpihwsgp3x68-texlive-combined-full-2023-final-t
exmfdist/tex/latex/fontspec/fontspec.cfg)))
(/nix/store/4v48iafvd65x29n7w13rbpihwsgp3x68-texlive-combined-full-2023-final-t
exmfdist/tex/xelatex/xecjk/xeCJK.cfg
File: xeCJK.cfg 2022/08/05 v3.9.1 Configuration file for xeCJK package
))
\ccwd=\dimen173
\l__ctex_ccglue_skip=\skip58
)
\l__ctex_ziju_dim=\dimen174

(/nix/store/4v48iafvd65x29n7w13rbpihwsgp3x68-texlive-combined-full-2023-final-t
exmfdist/tex/latex/zhnumber/zhnumber.sty
Package: zhnumber 2022/07/14 v3.0 Typesetting numbers with Chinese glyphs
\l__zhnum_scale_int=\count289
\l__zhnum_tmp_int=\count290

(/nix/store/4v48iafvd65x29n7w13rbpihwsgp3x68-texlive-combined-full-2023-final-t
exmfdist/tex/latex/zhnumber/zhnumber-utf8.cfg
File: zhnumber-utf8.cfg 2022/07/14 v3.0 Chinese numerals with UTF8 encoding
))
(/nix/store/4v48iafvd65x29n7w13rbpihwsgp3x68-texlive-combined-full-2023-final-t
exmfdist/tex/latex/ctex/scheme/ctex-scheme-chinese.def
File: ctex-scheme-chinese.def 2022/07/14 v2.5.10 Chinese scheme for generic (CT
EX)

(/nix/store/4v48iafvd65x29n7w13rbpihwsgp3x68-texlive-combined-full-2023-final-t
exmfdist/tex/latex/ctex/config/ctex-name-utf8.cfg
File: ctex-name-utf8.cfg 2022/07/14 v2.5.10 Caption with encoding UTF-8 (CTEX)
))
(/nix/store/4v48iafvd65x29n7w13rbpihwsgp3x68-texlive-combined-full-2023-final-t
exmfdist/tex/latex/tools/indentfirst.sty
Package: indentfirst 2023/07/02 v1.03 Indent first paragraph (DPC)
)
(/nix/store/4v48iafvd65x29n7w13rbpihwsgp3x68-texlive-combined-full-2023-final-t
exmfdist/tex/latex/ctex/fontset/ctex-fontset-fandol.def
File: ctex-fontset-fandol.def 2022/07/14 v2.5.10 Fandol fonts definition (CTEX)



Package fontspec Warning: Font "FandolSong-Regular" does not contain requested
(fontspec)                Script "CJK".


Package fontspec Info: Font family 'FandolSong-Regular(0)' created for font
(fontspec)             'FandolSong-Regular' with options
(fontspec)             [Script={CJK},Extension={.otf},BoldFont={FandolSong-Bold
},ItalicFont={FandolKai-Regular}].
(fontspec)              
(fontspec)              This font family consists of the following NFSS
(fontspec)             series/shapes:
(fontspec)              
(fontspec)             - 'normal' (m/n) with NFSS spec.:
(fontspec)             <->"[FandolSong-Regular.otf]/OT:language=dflt;"
(fontspec)             - 'small caps'  (m/sc) with NFSS spec.: 
(fontspec)             - 'bold' (b/n) with NFSS spec.:
(fontspec)             <->"[FandolSong-Bold.otf]/OT:language=dflt;"
(fontspec)             - 'bold small caps'  (b/sc) with NFSS spec.: 
(fontspec)             - 'italic' (m/it) with NFSS spec.:
(fontspec)             <->"[FandolKai-Regular.otf]/OT:language=dflt;"
(fontspec)             - 'italic small caps'  (m/scit) with NFSS spec.: 

))
(/nix/store/4v48iafvd65x29n7w13rbpihwsgp3x68-texlive-combined-full-2023-final-t
exmfdist/tex/latex/ctex/config/ctex.cfg
File: ctex.cfg 2022/07/14 v2.5.10 Configuration file (CTEX)
)
(/nix/store/4v48iafvd65x29n7w13rbpihwsgp3x68-texlive-combined-full-2023-final-t
exmfdist/tex/latex/geometry/geometry.sty
Package: geometry 2020/01/02 v5.9 Page Geometry

(/nix/store/4v48iafvd65x29n7w13rbpihwsgp3x68-texlive-combined-full-2023-final-t
exmfdist/tex/latex/graphics/keyval.sty
Package: keyval 2022/05/29 v1.15 key=value parser (DPC)
\KV@toks@=\toks17
)
(/nix/store/4v48iafvd65x29n7w13rbpihwsgp3x68-texlive-combined-full-2023-final-t
exmfdist/tex/generic/iftex/ifvtex.sty
Package: ifvtex 2019/10/25 v1.7 ifvtex legacy package. Use iftex instead.

(/nix/store/4v48iafvd65x29n7w13rbpihwsgp3x68-texlive-combined-full-2023-final-t
exmfdist/tex/generic/iftex/iftex.sty
Package: iftex 2022/02/03 v1.0f TeX engine tests
))
\Gm@cnth=\count291
\Gm@cntv=\count292
\c@Gm@tempcnt=\count293
\Gm@bindingoffset=\dimen175
\Gm@wd@mp=\dimen176
\Gm@odd@mp=\dimen177
\Gm@even@mp=\dimen178
\Gm@layoutwidth=\dimen179
\Gm@layoutheight=\dimen180
\Gm@layouthoffset=\dimen181
\Gm@layoutvoffset=\dimen182
\Gm@dimlist=\toks18
)
(/nix/store/4v48iafvd65x29n7w13rbpihwsgp3x68-texlive-combined-full-2023-final-t
exmfdist/tex/latex/amsmath/amsmath.sty
Package: amsmath 2023/05/13 v2.17o AMS math features
\@mathmargin=\skip59

For additional information on amsmath, use the `?' option.

(/nix/store/4v48iafvd65x29n7w13rbpihwsgp3x68-texlive-combined-full-2023-final-t
exmfdist/tex/latex/amsmath/amstext.sty
Package: amstext 2021/08/26 v2.01 AMS text

(/nix/store/4v48iafvd65x29n7w13rbpihwsgp3x68-texlive-combined-full-2023-final-t
exmfdist/tex/latex/amsmath/amsgen.sty
File: amsgen.sty 1999/11/30 v2.0 generic functions
\@emptytoks=\toks19
\ex@=\dimen183
))
(/nix/store/4v48iafvd65x29n7w13rbpihwsgp3x68-texlive-combined-full-2023-final-t
exmfdist/tex/latex/amsmath/amsbsy.sty
Package: amsbsy 1999/11/29 v1.2d Bold Symbols
\pmbraise@=\dimen184
)
(/nix/store/4v48iafvd65x29n7w13rbpihwsgp3x68-texlive-combined-full-2023-final-t
exmfdist/tex/latex/amsmath/amsopn.sty
Package: amsopn 2022/04/08 v2.04 operator names
)
\inf@bad=\count294
LaTeX Info: Redefining \frac on input line 234.
\uproot@=\count295
\leftroot@=\count296
LaTeX Info: Redefining \overline on input line 399.
LaTeX Info: Redefining \colon on input line 410.
\classnum@=\count297
\DOTSCASE@=\count298
LaTeX Info: Redefining \ldots on input line 496.
LaTeX Info: Redefining \dots on input line 499.
LaTeX Info: Redefining \cdots on input line 620.
\Mathstrutbox@=\box55
\strutbox@=\box56
LaTeX Info: Redefining \big on input line 722.
LaTeX Info: Redefining \Big on input line 723.
LaTeX Info: Redefining \bigg on input line 724.
LaTeX Info: Redefining \Bigg on input line 725.
\big@size=\dimen185
LaTeX Font Info:    Redeclaring font encoding OML on input line 743.
LaTeX Font Info:    Redeclaring font encoding OMS on input line 744.
\macc@depth=\count299
LaTeX Info: Redefining \bmod on input line 905.
LaTeX Info: Redefining \pmod on input line 910.
LaTeX Info: Redefining \smash on input line 940.
LaTeX Info: Redefining \relbar on input line 970.
LaTeX Info: Redefining \Relbar on input line 971.
\c@MaxMatrixCols=\count300
\dotsspace@=\muskip17
\c@parentequation=\count301
\dspbrk@lvl=\count302
\tag@help=\toks20
\row@=\count303
\column@=\count304
\maxfields@=\count305
\andhelp@=\toks21
\eqnshift@=\dimen186
\alignsep@=\dimen187
\tagshift@=\dimen188
\tagwidth@=\dimen189
\totwidth@=\dimen190
\lineht@=\dimen191
\@envbody=\toks22
\multlinegap=\skip60
\multlinetaggap=\skip61
\mathdisplay@stack=\toks23
LaTeX Info: Redefining \[ on input line 2953.
LaTeX Info: Redefining \] on input line 2954.
)
(/nix/store/4v48iafvd65x29n7w13rbpihwsgp3x68-texlive-combined-full-2023-final-t
exmfdist/tex/latex/graphics/graphicx.sty
Package: graphicx 2021/09/16 v1.2d Enhanced LaTeX Graphics (DPC,SPQR)

(/nix/store/4v48iafvd65x29n7w13rbpihwsgp3x68-texlive-combined-full-2023-final-t
exmfdist/tex/latex/graphics/graphics.sty
Package: graphics 2022/03/10 v1.4e Standard LaTeX Graphics (DPC,SPQR)

(/nix/store/4v48iafvd65x29n7w13rbpihwsgp3x68-texlive-combined-full-2023-final-t
exmfdist/tex/latex/graphics/trig.sty
Package: trig 2021/08/11 v1.11 sin cos tan (DPC)
)
(/nix/store/4v48iafvd65x29n7w13rbpihwsgp3x68-texlive-combined-full-2023-final-t
exmfdist/tex/latex/graphics-cfg/graphics.cfg
File: graphics.cfg 2016/06/04 v1.11 sample graphics configuration
)
Package graphics Info: Driver file: xetex.def on input line 107.

(/nix/store/4v48iafvd65x29n7w13rbpihwsgp3x68-texlive-combined-full-2023-final-t
exmfdist/tex/latex/graphics-def/xetex.def
File: xetex.def 2022/09/22 v5.0n Graphics/color driver for xetex
))
\Gin@req@height=\dimen192
\Gin@req@width=\dimen193
)
(/nix/store/4v48iafvd65x29n7w13rbpihwsgp3x68-texlive-combined-full-2023-final-t
exmfdist/tex/latex/hyperref/hyperref.sty
Package: hyperref 2024-01-20 v7.01h Hypertext links for LaTeX

(/nix/store/4v48iafvd65x29n7w13rbpihwsgp3x68-texlive-combined-full-2023-final-t
exmfdist/tex/latex/kvsetkeys/kvsetkeys.sty
Package: kvsetkeys 2022-10-05 v1.19 Key value parser (HO)
)
(/nix/store/4v48iafvd65x29n7w13rbpihwsgp3x68-texlive-combined-full-2023-final-t
exmfdist/tex/generic/kvdefinekeys/kvdefinekeys.sty
Package: kvdefinekeys 2019-12-19 v1.6 Define keys (HO)
)
(/nix/store/4v48iafvd65x29n7w13rbpihwsgp3x68-texlive-combined-full-2023-final-t
exmfdist/tex/generic/pdfescape/pdfescape.sty
Package: pdfescape 2019/12/09 v1.15 Implements pdfTeX's escape features (HO)

(/nix/store/4v48iafvd65x29n7w13rbpihwsgp3x68-texlive-combined-full-2023-final-t
exmfdist/tex/generic/ltxcmds/ltxcmds.sty
Package: ltxcmds 2023-12-04 v1.26 LaTeX kernel commands for general use (HO)
)
(/nix/store/4v48iafvd65x29n7w13rbpihwsgp3x68-texlive-combined-full-2023-final-t
exmfdist/tex/generic/pdftexcmds/pdftexcmds.sty
Package: pdftexcmds 2020-06-27 v0.33 Utility functions of pdfTeX for LuaTeX (HO
)

(/nix/store/4v48iafvd65x29n7w13rbpihwsgp3x68-texlive-combined-full-2023-final-t
exmfdist/tex/generic/infwarerr/infwarerr.sty
Package: infwarerr 2019/12/03 v1.5 Providing info/warning/error messages (HO)
)
Package pdftexcmds Info: \pdf@primitive is available.
Package pdftexcmds Info: \pdf@ifprimitive is available.
Package pdftexcmds Info: \pdfdraftmode not found.
))
(/nix/store/4v48iafvd65x29n7w13rbpihwsgp3x68-texlive-combined-full-2023-final-t
exmfdist/tex/latex/hycolor/hycolor.sty
Package: hycolor 2020-01-27 v1.10 Color options for hyperref/bookmark (HO)
)
(/nix/store/4v48iafvd65x29n7w13rbpihwsgp3x68-texlive-combined-full-2023-final-t
exmfdist/tex/latex/auxhook/auxhook.sty
Package: auxhook 2019-12-17 v1.6 Hooks for auxiliary files (HO)
)
(/nix/store/4v48iafvd65x29n7w13rbpihwsgp3x68-texlive-combined-full-2023-final-t
exmfdist/tex/latex/hyperref/nameref.sty
Package: nameref 2023-11-26 v2.56 Cross-referencing by name of section

(/nix/store/4v48iafvd65x29n7w13rbpihwsgp3x68-texlive-combined-full-2023-final-t
exmfdist/tex/latex/refcount/refcount.sty
Package: refcount 2019/12/15 v3.6 Data extraction from label references (HO)
)
(/nix/store/4v48iafvd65x29n7w13rbpihwsgp3x68-texlive-combined-full-2023-final-t
exmfdist/tex/generic/gettitlestring/gettitlestring.sty
Package: gettitlestring 2019/12/15 v1.6 Cleanup title references (HO)

(/nix/store/4v48iafvd65x29n7w13rbpihwsgp3x68-texlive-combined-full-2023-final-t
exmfdist/tex/latex/kvoptions/kvoptions.sty
Package: kvoptions 2022-06-15 v3.15 Key value format for package options (HO)
))
\c@section@level=\count306
)
(/nix/store/4v48iafvd65x29n7w13rbpihwsgp3x68-texlive-combined-full-2023-final-t
exmfdist/tex/latex/etoolbox/etoolbox.sty
Package: etoolbox 2020/10/05 v2.5k e-TeX tools for LaTeX (JAW)
\etb@tempcnta=\count307
)
\@linkdim=\dimen194
\Hy@linkcounter=\count308
\Hy@pagecounter=\count309

(/nix/store/4v48iafvd65x29n7w13rbpihwsgp3x68-texlive-combined-full-2023-final-t
exmfdist/tex/latex/hyperref/pd1enc.def
File: pd1enc.def 2024-01-20 v7.01h Hyperref: PDFDocEncoding definition (HO)
)
(/nix/store/4v48iafvd65x29n7w13rbpihwsgp3x68-texlive-combined-full-2023-final-t
exmfdist/tex/generic/intcalc/intcalc.sty
Package: intcalc 2019/12/15 v1.3 Expandable calculations with integers (HO)
)
\Hy@SavedSpaceFactor=\count310

(/nix/store/4v48iafvd65x29n7w13rbpihwsgp3x68-texlive-combined-full-2023-final-t
exmfdist/tex/latex/hyperref/puenc.def
File: puenc.def 2024-01-20 v7.01h Hyperref: PDF Unicode definition (HO)
)
Package hyperref Info: Option `unicode' set `true' on input line 4062.
Package hyperref Info: Hyper figures OFF on input line 4179.
Package hyperref Info: Link nesting OFF on input line 4184.
Package hyperref Info: Hyper index ON on input line 4187.
Package hyperref Info: Plain pages OFF on input line 4194.
Package hyperref Info: Backreferencing OFF on input line 4199.
Package hyperref Info: Implicit mode ON; LaTeX internals redefined.
Package hyperref Info: Bookmarks ON on input line 4446.
\c@Hy@tempcnt=\count311

(/nix/store/4v48iafvd65x29n7w13rbpihwsgp3x68-texlive-combined-full-2023-final-t
exmfdist/tex/latex/url/url.sty
\Urlmuskip=\muskip18
Package: url 2013/09/16  ver 3.4  Verb mode for urls, etc.
)
LaTeX Info: Redefining \url on input line 4784.
\XeTeXLinkMargin=\dimen195

(/nix/store/4v48iafvd65x29n7w13rbpihwsgp3x68-texlive-combined-full-2023-final-t
exmfdist/tex/generic/bitset/bitset.sty
Package: bitset 2019/12/09 v1.3 Handle bit-vector datatype (HO)

(/nix/store/4v48iafvd65x29n7w13rbpihwsgp3x68-texlive-combined-full-2023-final-t
exmfdist/tex/generic/bigintcalc/bigintcalc.sty
Package: bigintcalc 2019/12/15 v1.5 Expandable calculations on big integers (HO
)
))
\Fld@menulength=\count312
\Field@Width=\dimen196
\Fld@charsize=\dimen197
Package hyperref Info: Hyper figures OFF on input line 6063.
Package hyperref Info: Link nesting OFF on input line 6068.
Package hyperref Info: Hyper index ON on input line 6071.
Package hyperref Info: backreferencing OFF on input line 6078.
Package hyperref Info: Link coloring OFF on input line 6083.
Package hyperref Info: Link coloring with OCG OFF on input line 6088.
Package hyperref Info: PDF/A mode OFF on input line 6093.

(/nix/store/4v48iafvd65x29n7w13rbpihwsgp3x68-texlive-combined-full-2023-final-t
exmfdist/tex/latex/base/atbegshi-ltx.sty
Package: atbegshi-ltx 2021/01/10 v1.0c Emulation of the original atbegshi
package with kernel methods
)
\Hy@abspage=\count313
\c@Item=\count314
\c@Hfootnote=\count315
)
Package hyperref Info: Driver (autodetected): hxetex.

(/nix/store/4v48iafvd65x29n7w13rbpihwsgp3x68-texlive-combined-full-2023-final-t
exmfdist/tex/latex/hyperref/hxetex.def
File: hxetex.def 2024-01-20 v7.01h Hyperref driver for XeTeX

(/nix/store/4v48iafvd65x29n7w13rbpihwsgp3x68-texlive-combined-full-2023-final-t
exmfdist/tex/generic/stringenc/stringenc.sty
Package: stringenc 2019/11/29 v1.12 Convert strings between diff. encodings (HO
)
)
\pdfm@box=\box57
\c@Hy@AnnotLevel=\count316
\HyField@AnnotCount=\count317
\Fld@listcount=\count318
\c@bookmark@seq@number=\count319

(/nix/store/4v48iafvd65x29n7w13rbpihwsgp3x68-texlive-combined-full-2023-final-t
exmfdist/tex/latex/rerunfilecheck/rerunfilecheck.sty
Package: rerunfilecheck 2022-07-10 v1.10 Rerun checks for auxiliary files (HO)

(/nix/store/4v48iafvd65x29n7w13rbpihwsgp3x68-texlive-combined-full-2023-final-t
exmfdist/tex/latex/base/atveryend-ltx.sty
Package: atveryend-ltx 2020/08/19 v1.0a Emulation of the original atveryend pac
kage
with kernel methods
)
(/nix/store/4v48iafvd65x29n7w13rbpihwsgp3x68-texlive-combined-full-2023-final-t
exmfdist/tex/generic/uniquecounter/uniquecounter.sty
Package: uniquecounter 2019/12/15 v1.4 Provide unlimited unique counter (HO)
)
Package uniquecounter Info: New unique counter `rerunfilecheck' on input line 2
85.
)
\Hy@SectionHShift=\skip62
)
(/nix/store/4v48iafvd65x29n7w13rbpihwsgp3x68-texlive-combined-full-2023-final-t
exmfdist/tex/latex/listings/listings.sty
\lst@mode=\count320
\lst@gtempboxa=\box58
\lst@token=\toks24
\lst@length=\count321
\lst@currlwidth=\dimen198
\lst@column=\count322
\lst@pos=\count323
\lst@lostspace=\dimen199
\lst@width=\dimen256
\lst@newlines=\count324
\lst@lineno=\count325
\lst@maxwidth=\dimen257

(/nix/store/4v48iafvd65x29n7w13rbpihwsgp3x68-texlive-combined-full-2023-final-t
exmfdist/tex/latex/listings/lstpatch.sty
File: lstpatch.sty 2024/02/21 1.10 (Carsten Heinz)
)
(/nix/store/4v48iafvd65x29n7w13rbpihwsgp3x68-texlive-combined-full-2023-final-t
exmfdist/tex/latex/listings/lstmisc.sty
File: lstmisc.sty 2024/02/21 1.10 (Carsten Heinz)
\c@lstnumber=\count326
\lst@skipnumbers=\count327
\lst@framebox=\box59
)
(/nix/store/4v48iafvd65x29n7w13rbpihwsgp3x68-texlive-combined-full-2023-final-t
exmfdist/tex/latex/listings/listings.cfg
File: listings.cfg 2024/02/21 1.10 listings configuration
))
Package: listings 2024/02/21 1.10 (Carsten Heinz)

(/nix/store/4v48iafvd65x29n7w13rbpihwsgp3x68-texlive-combined-full-2023-final-t
exmfdist/tex/xelatex/xecjk/xeCJK-listings.sty
Package: xeCJK-listings 2022/08/05 v3.9.1 xeCJK patch file for listings
\l__xeCJK_listings_max_char_int=\count328
\l__xeCJK_listings_flag_int=\count329
)
(/nix/store/4v48iafvd65x29n7w13rbpihwsgp3x68-texlive-combined-full-2023-final-t
exmfdist/tex/latex/xcolor/xcolor.sty
Package: xcolor 2023/11/15 v3.01 LaTeX color extensions (UK)

(/nix/store/4v48iafvd65x29n7w13rbpihwsgp3x68-texlive-combined-full-2023-final-t
exmfdist/tex/latex/graphics-cfg/color.cfg
File: color.cfg 2016/01/02 v1.6 sample color configuration
)
Package xcolor Info: Driver file: xetex.def on input line 274.

(/nix/store/4v48iafvd65x29n7w13rbpihwsgp3x68-texlive-combined-full-2023-final-t
exmfdist/tex/latex/graphics/mathcolor.ltx)
Package xcolor Info: Model `cmy' substituted by `cmy0' on input line 1350.
Package xcolor Info: Model `RGB' extended on input line 1366.
Package xcolor Info: Model `HTML' substituted by `rgb' on input line 1368.
Package xcolor Info: Model `Hsb' substituted by `hsb' on input line 1369.
Package xcolor Info: Model `tHsb' substituted by `hsb' on input line 1370.
Package xcolor Info: Model `HSB' substituted by `hsb' on input line 1371.
Package xcolor Info: Model `Gray' substituted by `gray' on input line 1372.
Package xcolor Info: Model `wave' substituted by `hsb' on input line 1373.
)
(/nix/store/4v48iafvd65x29n7w13rbpihwsgp3x68-texlive-combined-full-2023-final-t
exmfdist/tex/latex/titling/titling.sty
Package: titling 2009/09/04 v2.1d maketitle typesetting
\thanksmarkwidth=\skip63
\thanksmargin=\skip64
\droptitle=\skip65
)
(/nix/store/4v48iafvd65x29n7w13rbpihwsgp3x68-texlive-combined-full-2023-final-t
exmfdist/tex/latex/enumitem/enumitem.sty
Package: enumitem 2019/06/20 v3.9 Customized lists
\labelindent=\skip66
\enit@outerparindent=\dimen258
\enit@toks=\toks25
\enit@inbox=\box60
\enit@count@id=\count330
\enitdp@description=\count331
)
Package hyperref Info: Option `colorlinks' set `true' on input line 27.
 (./configuration_guide.aux)
\openout1 = `configuration_guide.aux'.

LaTeX Font Info:    Checking defaults for OML/cmm/m/it on input line 48.
LaTeX Font Info:    ... okay on input line 48.
LaTeX Font Info:    Checking defaults for OMS/cmsy/m/n on input line 48.
LaTeX Font Info:    ... okay on input line 48.
LaTeX Font Info:    Checking defaults for OT1/cmr/m/n on input line 48.
LaTeX Font Info:    ... okay on input line 48.
LaTeX Font Info:    Checking defaults for T1/cmr/m/n on input line 48.
LaTeX Font Info:    ... okay on input line 48.
LaTeX Font Info:    Checking defaults for TS1/cmr/m/n on input line 48.
LaTeX Font Info:    ... okay on input line 48.
LaTeX Font Info:    Checking defaults for TU/lmr/m/n on input line 48.
LaTeX Font Info:    ... okay on input line 48.
LaTeX Font Info:    Checking defaults for OMX/cmex/m/n on input line 48.
LaTeX Font Info:    ... okay on input line 48.
LaTeX Font Info:    Checking defaults for U/cmr/m/n on input line 48.
LaTeX Font Info:    ... okay on input line 48.
LaTeX Font Info:    Checking defaults for PD1/pdf/m/n on input line 48.
LaTeX Font Info:    ... okay on input line 48.
LaTeX Font Info:    Checking defaults for PU/pdf/m/n on input line 48.
LaTeX Font Info:    ... okay on input line 48.

Package fontspec Info: Adjusting the maths setup (use [no-math] to avoid
(fontspec)             this).

\symlegacymaths=\mathgroup4
LaTeX Font Info:    Overwriting symbol font `legacymaths' in version `bold'
(Font)                  OT1/cmr/m/n --> OT1/cmr/bx/n on input line 48.
LaTeX Font Info:    Redeclaring math accent \acute on input line 48.
LaTeX Font Info:    Redeclaring math accent \grave on input line 48.
LaTeX Font Info:    Redeclaring math accent \ddot on input line 48.
LaTeX Font Info:    Redeclaring math accent \tilde on input line 48.
LaTeX Font Info:    Redeclaring math accent \bar on input line 48.
LaTeX Font Info:    Redeclaring math accent \breve on input line 48.
LaTeX Font Info:    Redeclaring math accent \check on input line 48.
LaTeX Font Info:    Redeclaring math accent \hat on input line 48.
LaTeX Font Info:    Redeclaring math accent \dot on input line 48.
LaTeX Font Info:    Redeclaring math accent \mathring on input line 48.
LaTeX Font Info:    Redeclaring math symbol \Gamma on input line 48.
LaTeX Font Info:    Redeclaring math symbol \Delta on input line 48.
LaTeX Font Info:    Redeclaring math symbol \Theta on input line 48.
LaTeX Font Info:    Redeclaring math symbol \Lambda on input line 48.
LaTeX Font Info:    Redeclaring math symbol \Xi on input line 48.
LaTeX Font Info:    Redeclaring math symbol \Pi on input line 48.
LaTeX Font Info:    Redeclaring math symbol \Sigma on input line 48.
LaTeX Font Info:    Redeclaring math symbol \Upsilon on input line 48.
LaTeX Font Info:    Redeclaring math symbol \Phi on input line 48.
LaTeX Font Info:    Redeclaring math symbol \Psi on input line 48.
LaTeX Font Info:    Redeclaring math symbol \Omega on input line 48.
LaTeX Font Info:    Redeclaring math symbol \mathdollar on input line 48.
LaTeX Font Info:    Redeclaring symbol font `operators' on input line 48.
LaTeX Font Info:    Encoding `OT1' has changed to `TU' for symbol font
(Font)              `operators' in the math version `normal' on input line 48.
LaTeX Font Info:    Overwriting symbol font `operators' in version `normal'
(Font)                  OT1/cmr/m/n --> TU/lmr/m/n on input line 48.
LaTeX Font Info:    Encoding `OT1' has changed to `TU' for symbol font
(Font)              `operators' in the math version `bold' on input line 48.
LaTeX Font Info:    Overwriting symbol font `operators' in version `bold'
(Font)                  OT1/cmr/bx/n --> TU/lmr/m/n on input line 48.
LaTeX Font Info:    Overwriting symbol font `operators' in version `normal'
(Font)                  TU/lmr/m/n --> TU/lmr/m/n on input line 48.
LaTeX Font Info:    Overwriting math alphabet `\mathit' in version `normal'
(Font)                  OT1/cmr/m/it --> TU/lmr/m/it on input line 48.
LaTeX Font Info:    Overwriting math alphabet `\mathbf' in version `normal'
(Font)                  OT1/cmr/bx/n --> TU/lmr/b/n on input line 48.
LaTeX Font Info:    Overwriting math alphabet `\mathsf' in version `normal'
(Font)                  OT1/cmss/m/n --> TU/lmss/m/n on input line 48.
LaTeX Font Info:    Overwriting math alphabet `\mathtt' in version `normal'
(Font)                  OT1/cmtt/m/n --> TU/lmtt/m/n on input line 48.
LaTeX Font Info:    Overwriting symbol font `operators' in version `bold'
(Font)                  TU/lmr/m/n --> TU/lmr/b/n on input line 48.
LaTeX Font Info:    Overwriting math alphabet `\mathit' in version `bold'
(Font)                  OT1/cmr/bx/it --> TU/lmr/b/it on input line 48.
LaTeX Font Info:    Overwriting math alphabet `\mathsf' in version `bold'
(Font)                  OT1/cmss/bx/n --> TU/lmss/b/n on input line 48.
LaTeX Font Info:    Overwriting math alphabet `\mathtt' in version `bold'
(Font)                  OT1/cmtt/m/n --> TU/lmtt/b/n on input line 48.

*geometry* driver: auto-detecting
*geometry* detected driver: xetex
*geometry* verbose mode - [ preamble ] result:
* driver: xetex
* paper: a4paper
* layout: <same size as paper>
* layoutoffset:(h,v)=(0.0pt,0.0pt)
* modes: 
* h-part:(L,W,R)=(89.62709pt, 418.25368pt, 89.6271pt)
* v-part:(T,H,B)=(101.40665pt, 591.5302pt, 152.11pt)
* \paperwidth=597.50787pt
* \paperheight=845.04684pt
* \textwidth=418.25368pt
* \textheight=591.5302pt
* \oddsidemargin=17.3571pt
* \evensidemargin=17.3571pt
* \topmargin=-7.86334pt
* \headheight=12.0pt
* \headsep=25.0pt
* \topskip=11.0pt
* \footskip=30.0pt
* \marginparwidth=50.0pt
* \marginparsep=10.0pt
* \columnsep=10.0pt
* \skip\footins=10.0pt plus 4.0pt minus 2.0pt
* \hoffset=0.0pt
* \voffset=0.0pt
* \mag=1000
* \@twocolumnfalse
* \@twosidefalse
* \@mparswitchfalse
* \@reversemarginfalse
* (1in=72.27pt=25.4mm, 1cm=28.453pt)

Package hyperref Info: Link coloring ON on input line 48.
(./configuration_guide.out) (./configuration_guide.out)
\@outlinefile=\write3
\openout3 = `configuration_guide.out'.

\c@lstlisting=\count332

(./configuration_guide.toc

Package fontspec Warning: Font "FandolFang-Regular" does not contain requested
(fontspec)                Script "CJK".


Package fontspec Info: Font family 'FandolFang-Regular(0)' created for font
(fontspec)             'FandolFang-Regular' with options
(fontspec)             [Script={CJK},Extension={.otf}].
(fontspec)              
(fontspec)              This font family consists of the following NFSS
(fontspec)             series/shapes:
(fontspec)              
(fontspec)             - 'normal' (m/n) with NFSS spec.:
(fontspec)             <->"[FandolFang-Regular.otf]/OT:language=dflt;"
(fontspec)             - 'small caps'  (m/sc) with NFSS spec.: 

[1

])
\tf@toc=\write4
\openout4 = `configuration_guide.toc'.

 [2]
Overfull \hbox (60.43459pt too wide) in paragraph at lines 76--77
[]\TU/FandolSong-Regular(0)/b/n/10.95 标 准 化 的 输 出 \TU/lmr/bx/n/10.95 (‘outputs‘
)\TU/lmr/m/n/10.95 : \TU/lmtt/m/n/10.95 flake.nix \TU/FandolSong-Regular(0)/m/n
/10.95 定 义 了 一 组 标 准 的 输 出 类 型，|  如 \TU/lmtt/m/n/10.95 nixosConfigurations\TU/l
mr/m/n/10.95 ,
 []


Overfull \hbox (1.22978pt too wide) in paragraph at lines 76--77
\TU/lmtt/m/n/10.95 darwinConfigurations\TU/lmr/m/n/10.95 ,\TU/lmtt/m/n/10.95 ho
meConfigurations\TU/lmr/m/n/10.95 ,\TU/lmtt/m/n/10.95 overlays\TU/lmr/m/n/10.95
 ,\TU/lmtt/m/n/10.95 pkgs\TU/lmr/m/n/10.95 ,\TU/lmtt/m/n/10.95 devShells \TU/Fa
ndolSong-Regular(0)/m/n/10.95 等，|  使 得
 []

LaTeX Font Info:    Font shape `TU/lmtt/bx/n' in size <12> not available
(Font)              Font shape `TU/lmtt/b/n' tried instead on input line 79.
[3] [4]
Overfull \hbox (19.37135pt too wide) in paragraph at lines 104--105
\TU/FandolSong-Regular(0)/m/n/10.95 编 译 选 项）|  或 添 加 自 定 义 包 定 义 的 \TU/lmr/m/n/
10.95 Overlay \TU/FandolSong-Regular(0)/m/n/10.95 文 件。|  这 些 \TU/lmr/m/n/10.95 
Overlays \TU/FandolSong-Regular(0)/m/n/10.95 通 常 由 \TU/lmtt/m/n/10.95 lib/mksys
tem.nix
 []

[5]

Package enumitem Warning: Negative labelwidth. This does not make much
(enumitem)                sense, on input line 131.


Overfull \hbox (21.00247pt too wide) in paragraph at lines 145--146
[]\TU/lmr/bx/n/10.95 (\TU/FandolSong-Regular(0)/b/n/10.95 可 选\TU/lmr/bx/n/10.95
 ) \TU/FandolSong-Regular(0)/b/n/10.95 创 建 快 照\TU/lmr/m/n/10.95 : \TU/FandolSon
g-Regular(0)/m/n/10.95 在 \TU/lmr/m/n/10.95 VMware \TU/FandolSong-Regular(0)/m/n
/10.95 中 为\TU/lmr/m/n/10.95 ” \TU/FandolSong-Regular(0)/m/n/10.95 干 净\TU/lmr/m/
n/10.95 ” \TU/FandolSong-Regular(0)/m/n/10.95 的 安 装 环 境 创 建 一 个 快 照 \TU/lmr/m/n
/10.95 (\TU/FandolSong-Regular(0)/m/n/10.95 如\TU/lmr/m/n/10.95 ”prebootstrap0”)
\TU/FandolSong-Regular(0)/m/n/10.95 ，|
 []

[6]
Overfull \hbox (17.76187pt too wide) in paragraph at lines 165--166
[]\TU/FandolSong-Regular(0)/m/n/10.95 在 \TU/lmr/m/n/10.95 VM \TU/FandolSong-Reg
ular(0)/m/n/10.95 上 以 \TU/lmr/m/n/10.95 root \TU/FandolSong-Regular(0)/m/n/10.9
5 身 份 执 行 \TU/lmtt/m/n/10.95 nixos-rebuild switch --flake /nix-config#$NIXNAME\
TU/FandolSong-Regular(0)/m/n/10.95 ，|
 []


Package enumitem Warning: Negative labelwidth. This does not make much
(enumitem)                sense, on input line 173.

[7]
Overfull \hbox (32.40324pt too wide) in paragraph at lines 183--184
\TU/lmtt/m/n/10.95 Makefile \TU/FandolSong-Regular(0)/m/n/10.95 检 测 到 \TU/lmr/m
/n/10.95 Darwin \TU/FandolSong-Regular(0)/m/n/10.95 环 境 后，|  会 自 动 调 用 \TU/lmtt
/m/n/10.95 darwin-rebuild switch --flake .#$NIXNAME\TU/FandolSong-Regular(0)/m/
n/10.95 。|
 []


Overfull \hbox (14.72437pt too wide) in paragraph at lines 185--186
\TU/lmtt/m/n/10.95 machines/<name>.nix\TU/lmr/m/n/10.95 , \TU/lmtt/m/n/10.95 us
ers/<user>/darwin.nix\TU/lmr/m/n/10.95 , \TU/FandolSong-Regular(0)/m/n/10.95 和 
\TU/lmtt/m/n/10.95 users/<user>/home-manager.nix
 []


Package enumitem Warning: Negative labelwidth. This does not make much
(enumitem)                sense, on input line 188.


Overfull \hbox (116.75928pt too wide) in paragraph at lines 189--190
[]\TU/FandolSong-Regular(0)/b/n/10.95 构 建 \TU/lmr/bx/n/10.95 WSL Tarball (\TU/F
andolSong-Regular(0)/b/n/10.95 在 \TU/lmr/bx/n/10.95 Linux/macOS \TU/FandolSong-
Regular(0)/b/n/10.95 构 建 环 境\TU/lmr/bx/n/10.95 )\TU/lmr/m/n/10.95 : \TU/FandolS
ong-Regular(0)/m/n/10.95 首 先 确 保 \TU/lmtt/m/n/10.95 flake.nix \TU/FandolSong-Re
gular(0)/m/n/10.95 的 \TU/lmtt/m/n/10.95 outputs.nixosConfigurations
 []


Overfull \hbox (36.67235pt too wide) in paragraph at lines 194--195
\TU/FandolSong-Regular(0)/m/n/10.95 这 会 构 建 出 \TU/lmr/m/n/10.95 WSL \TU/FandolS
ong-Regular(0)/m/n/10.95 发 行 版 所 需 的 \TU/lmr/m/n/10.95 rootfs tarball\TU/Fandol
Song-Regular(0)/m/n/10.95 ，|  通 常 位 于 \TU/lmtt/m/n/10.95 ./result/tarball/nixos
-wsl.tar.gz
 []

[8]
Overfull \hbox (19.68033pt too wide) in paragraph at lines 216--217
[]\TU/FandolSong-Regular(0)/m/n/10.95 如 架 构 部 分 所 述，| \TU/lmtt/m/n/10.95 users/
 \TU/FandolSong-Regular(0)/m/n/10.95 目 录 下 的 每 个 子 目 录 代 表 一 个 用 户。|  其 中 的 \TU
/lmtt/m/n/10.95 home-manager.nix
 []

[9]
Overfull \hbox (9.52806pt too wide) in paragraph at lines 232--233
[]\TU/lmr/bx/n/10.95 Git \TU/FandolSong-Regular(0)/b/n/10.95 配 置\TU/lmr/m/n/10.
95 : \TU/FandolSong-Regular(0)/m/n/10.95 通 过 \TU/lmtt/m/n/10.95 programs.git = 
{ enable = true; userName = "..."; userEmail
 []


Overfull \hbox (62.49931pt too wide) in paragraph at lines 233--234
[]\TU/FandolSong-Regular(0)/b/n/10.95 应 用 程 序 配 置\TU/lmr/m/n/10.95 : Home Manag
er \TU/FandolSong-Regular(0)/m/n/10.95 支 持 许 多 应 用 程 序 的 声 明 式 配 置，|  例 如 \TU/l
mr/m/n/10.95 Neovim (\TU/lmtt/m/n/10.95 programs.neovim\TU/lmr/m/n/10.95 ),
 []


Package enumitem Warning: Negative labelwidth. This does not make much
(enumitem)                sense, on input line 242.


Overfull \hbox (4.47144pt too wide) in paragraph at lines 243--244
[]\TU/FandolSong-Regular(0)/b/n/10.95 创 建 \TU/lmr/bx/n/10.95 Overlay \TU/Fandol
Song-Regular(0)/b/n/10.95 文 件\TU/lmr/m/n/10.95 : \TU/FandolSong-Regular(0)/m/n/
10.95 在 \TU/lmtt/m/n/10.95 overlays/ \TU/FandolSong-Regular(0)/m/n/10.95 目 录 下 
创 建 一 个 \TU/lmtt/m/n/10.95 .nix \TU/FandolSong-Regular(0)/m/n/10.95 文 件，|  例 如 
\TU/lmtt/m/n/10.95 my-patches.nix\TU/FandolSong-Regular(0)/m/n/10.95 。| 
 []

[10]

Package enumitem Warning: Negative labelwidth. This does not make much
(enumitem)                sense, on input line 269.


Overfull \hbox (95.1084pt too wide) in paragraph at lines 270--271
[]\TU/FandolSong-Regular(0)/b/n/10.95 创 建 机 器 配 置 文 件\TU/lmr/m/n/10.95 : \TU/Fa
ndolSong-Regular(0)/m/n/10.95 在 \TU/lmtt/m/n/10.95 machines/ \TU/FandolSong-Reg
ular(0)/m/n/10.95 目 录 下，|  为 新 系 统 创 建 一 个 \TU/lmr/m/n/10.95 Nix \TU/FandolSong
-Regular(0)/m/n/10.95 文 件，|  例 如 \TU/lmtt/m/n/10.95 machines/new-server.nix\TU/
FandolSong-Regular(0)/m/n/10.95 。|
 []

LaTeX Font Info:    Font shape `TU/lmtt/bx/n' in size <10.95> not available
(Font)              Font shape `TU/lmtt/b/n' tried instead on input line 271.
[11]
Overfull \hbox (26.08614pt too wide) in paragraph at lines 290--291
\TU/FandolSong-Regular(0)/m/n/10.95 在 \TU/lmtt/m/n/10.95 users/ \TU/FandolSong-
Regular(0)/m/n/10.95 目 录 下 有 相 应 的 配 置  |（至 少 需 要 \TU/lmtt/m/n/10.95 nixos.nix 
\TU/FandolSong-Regular(0)/m/n/10.95 或 \TU/lmtt/m/n/10.95 darwin.nix \TU/FandolS
ong-Regular(0)/m/n/10.95 以 及 \TU/lmtt/m/n/10.95 home-manager.nix
 []

[12]
Overfull \hbox (4.80807pt too wide) in paragraph at lines 329--330
\TU/FandolSong-Regular(0)/m/n/10.95 这 通 常 会 调 用 \TU/lmtt/m/n/10.95 xelatex \TU/
FandolSong-Regular(0)/m/n/10.95 命 令 在 \TU/lmtt/m/n/10.95 doc/ \TU/FandolSong-Re
gular(0)/m/n/10.95 目 录 下 生 成 \TU/lmr/m/n/10.95 PDF \TU/FandolSong-Regular(0)/m/
n/10.95 文 件 \TU/lmr/m/n/10.95 (\TU/lmtt/m/n/10.95 configuration_guide.pdf\TU/lm
r/m/n/10.95 )\TU/FandolSong-Regular(0)/m/n/10.95 。| 
 []


Overfull \hbox (1.49347pt too wide) in paragraph at lines 331--332
[]\TU/FandolSong-Regular(0)/b/n/10.95 安 装 \TU/lmr/bx/n/10.95 LaTeX\TU/lmr/m/n/1
0.95 : \TU/FandolSong-Regular(0)/m/n/10.95 如 果 缺 少 \TU/lmr/m/n/10.95 LaTeX\TU/F
andolSong-Regular(0)/m/n/10.95 ，|  可 以 通 过 将 \TU/lmtt/m/n/10.95 pkgs.texlive.co
mbined.scheme-full
 []

[13] [14] (./configuration_guide.aux)
 ***********
LaTeX2e <2023-11-01> patch level 1
L3 programming layer <2022/08/05>
 ***********
Package rerunfilecheck Info: File `configuration_guide.out' has not changed.
(rerunfilecheck)             Checksum: 9EE55BCBE140E6C03B253E2DC863F4F9;4014.
 ) 
Here is how much of TeX's memory you used:
 17493 strings out of 474773
 383234 string characters out of 5734578
 2063839 words of memory out of 5000000
 39401 multiletter control sequences out of 15000+600000
 565371 words of font info for 94 fonts, out of 8000000 for 9000
 1348 hyphenation exceptions out of 8191
 93i,6n,97p,408b,1930s stack positions out of 10000i,1000n,20000p,200000b,200000s

Output written on configuration_guide.pdf (14 pages).
